--- Starting Phase 4 Verification (Time End & Calc) ---
[1] Creating Ticket...
Create Response: <!DOCTYPE html><html lang="en"><head><meta charSet="utf-8"/><meta name="viewport" content="width=device-width, initial-scale=1"/><link rel="stylesheet" href="/_next/static/chunks/%5Broot-of-the-server%5D__0f0ba101._.css" data-precedence="next_static/chunks/[root-of-the-server]__0f0ba101._.css"/><link rel="preload" as="script" fetchPriority="low" href="/_next/static/chunks/%5Bturbopack%5D_browser_dev_hmr-client_hmr-client_ts_bae88007._.js"/><script src="/_next/static/chunks/node_modules_next_dist_compiled_react-dom_1e674e59._.js" async=""></script><script src="/_next/static/chunks/node_modules_next_dist_compiled_react-server-dom-turbopack_9212ccad._.js" async=""></script><script src="/_next/static/chunks/node_modules_next_dist_compiled_next-devtools_index_1dd7fb59.js" async=""></script><script src="/_next/static/chunks/node_modules_next_dist_compiled_a0e4c7b4._.js" async=""></script><script src="/_next/static/chunks/node_modules_next_dist_client_aaee43fe._.js" async=""></script><script src="/_next/static/chunks/node_modules_next_dist_7a8122d0._.js" async=""></script><script src="/_next/static/chunks/node_modules_%40swc_helpers_cjs_d80fb378._.js" async=""></script><script src="/_next/static/chunks/_a0ff3932._.js" async=""></script><script src="/_next/static/chunks/turbopack-_45210fd5._.js" async=""></script><script src="/_next/static/chunks/node_modules_next_dist_094231d7._.js" async=""></script><script src="/_next/static/chunks/src_app_favicon_ico_mjs_a4dcd48c._.js" async=""></script><script src="/_next/static/chunks/_85ba5b16._.js" async=""></script><script src="/_next/static/chunks/src_app_layout_tsx_78cdd4a3._.js" async=""></script><script src="/_next/static/chunks/src_app_login_page_tsx_a6b4ed9b._.js" async=""></script><script src="/_next/static/chunks/src_app_login_page_tsx_7388e2a0._.js" async=""></script><script src="/_next/static/chunks/node_modules_next_dist_client_components_builtin_global-error_78cdd4a3.js" async=""></script><meta name="next-size-adjust" content=""/><title>Create Next App</title><meta name="description" content="Generated by create next app"/><link rel="icon" href="/favicon.ico?favicon.0b3bf435.ico" sizes="256x256" type="image/x-icon"/><script src="/_next/static/chunks/node_modules_next_dist_build_polyfills_polyfill-nomodule.js" noModule=""></script></head><body class="geist_a71539c9-module__T19VSG__variable geist_mono_8d43a2aa-module__8Li5zG__variable antialiased bg-gray-50 dark:bg-gray-900"><div hidden=""><!--$--><!--/$--></div><div class="flex min-h-screen items-center justify-center bg-gray-100 dark:bg-gray-900"><div class="w-full max-w-md rounded-lg bg-white p-8 shadow-md dark:bg-gray-800"><h1 class="mb-6 text-center text-2xl font-bold text-gray-800 dark:text-gray-100">Technician Login</h1><form class="space-y-4"><div><label class="block text-sm font-medium text-gray-700 dark:text-gray-300">Username</label><input type="text" required="" class="mt-1 block w-full rounded-md border border-gray-300 p-2 focus:border-blue-500 focus:ring-blue-500 dark:border-gray-600 dark:bg-gray-700" value=""/></div><div><label class="block text-sm font-medium text-gray-700 dark:text-gray-300">Password</label><input type="password" required="" class="mt-1 block w-full rounded-md border border-gray-300 p-2 focus:border-blue-500 focus:ring-blue-500 dark:border-gray-600 dark:bg-gray-700" value=""/></div><button type="submit" class="w-full rounded-md bg-blue-600 px-4 py-2 text-white hover:bg-blue-700 focus:outline-none focus:ring-2 focus:ring-blue-500 focus:ring-offset-2">Sign In</button></form></div></div><!--$--><!--/$--><script id="_R_">self.__next_r="2ANwrWEn8f45dEfE7F3w9"</script><script src="/_next/static/chunks/%5Bturbopack%5D_browser_dev_hmr-client_hmr-client_ts_bae88007._.js" async=""></script><script>(self.__next_f=self.__next_f||[]).push([0])</script><script>self.__next_f.push([1,"7:I[\"[project]/node_modules/next/dist/next-devtools/userspace/app/segment-explorer-node.js [app-client] (ecmascript)\",[\"/_next/static/chunks/node_modules_next_dist_094231d7._.js\",\"/_next/static/chunks/src_app_favicon_ico_mjs_a4dcd48c._.js\"],\"SegmentViewNode\"]\n9:\"$Sreact.fragment\"\n1a:I[\"[project]/src/components/Header.tsx [app-client] (ecmascript)\",[\"/_next/static/chunks/_85ba5b16._.js\",\"/_next/static/chunks/src_app_layout_tsx_78cdd4a3._.js\"],\"default\"]\n1c:I[\"[project]/node_modules/next/dist/client/components/layout-router.js [app-client] (ecmascript)\",[\"/_next/static/chunks/node_modules_next_dist_094231d7._.js\",\"/_next/static/chunks/src_app_favicon_ico_mjs_a4dcd48c._.js\"],\"default\"]\n1e:I[\"[project]/node_modules/next/dist/client/components/render-from-template-context.js [app-client] (ecmascript)\",[\"/_next/static/chunks/node_modules_next_dist_094231d7._.js\",\"/_next/static/chunks/src_app_favicon_ico_mjs_a4dcd48c._.js\"],\"default\"]\n32:I[\"[project]/node_modules/next/dist/client/components/client-page.js [app-client] (ecmascript)\",[\"/_next/static/chunks/node_modules_next_dist_094231d7._.js\",\"/_next/static/chunks/src_app_favicon_ico_mjs_a4dcd48c._.js\"],\"ClientPageRoot\"]\n33:I[\"[project]/src/app/login/page.tsx [app-client] (ecmascript)\",[\"/_next/static/chunks/_85ba5b16._.js\",\"/_next/static/chunks/src_app_layout_tsx_78cdd4a3._.js\",\"/_next/static/chunks/src_app_login_page_tsx_a6b4ed9b._.js\",\"/_next/static/chunks/src_app_login_page_tsx_7388e2a0._.js\"],\"default\"]\n39:I[\"[project]/node_modules/next/dist/lib/framework/boundary-components.js [app-client] (ecmascript)\",[\"/_next/static/chunks/node_modules_next_dist_094231d7._.js\",\"/_next/static/chunks/src_app_favicon_ico_mjs_a4dcd48c._.js\"],\"OutletBoundary\"]\n3b:\"$Sreact.suspense\"\n44:I[\"[project]/node_modules/next/dist/lib/framework/boundary-components.js [app-client] (ecmascript)\",[\"/_next/static/chunks/node_modules_next_dist_094231d7._.js\",\"/_next/static/chunks/src_app_favicon_ico_mjs_a4dcd48c._.js\"],\"ViewportBoundary\"]\n4a:I[\"[project]/node_modules/next/dist/lib/framework/boundary-components.js [app-client] (ecmascript)\",[\"/_next/static/chunks/node_modules_next_dist_094231d7._.js\",\"/_next/static/chunks/src_app_favicon_ico_mjs_a4dcd48c._.js\"],\"MetadataBoundary\"]\n4f:I[\"[project]/node_modules/next/dist/client/components/builtin/global-error.js [app-client] (ecmascript)\",[\"/_next/static/chunks/node_modules_next_dist_client_components_builtin_global-error_78cdd4a3.js\"],\"default\"]\n57:I[\"[project]/node_modules/next/dist/lib/metadata/generate/icon-mark.js [app-client] (ecmascript)\",[\"/_next/static/chunks/node_modules_next_dist_094231d7._.js\",\"/_next/static/chunks/src_app_favicon_ico_mjs_a4dcd48c._.js\"],\"IconMark\"]\n:HL[\"/_next/static/chunks/%5Broot-of-the-server%5D__0f0ba101._.css\",\"style\"]\n:HL[\"/_next/static/media/797e433ab948586e-s.p.dbea232f.woff2\",\"font\",{\"crossOrigin\":\"\",\"type\":\"font/woff2\"}]\n:HL[\"/_next/static/media/caa3a2e1cccd8315-s.p.853070df.woff2\",\"font\",{\"crossOrigin\":\"\",\"type\":\"font/woff2\"}]\n:N1764971583971.6626\n3:\"$EObject.defineProperty(()=\u003e{ctx.componentMod.preloadStyle(fullHref,ctx.renderOpts.crossOrigin,ctx.nonce)},\\\"name\\\",{value:\\\"\\\"})\"\n4:\"$EObject.defineProperty(()=\u003e{ctx.componentMod.preloadFont(href,type,ctx.renderOpts.crossOrigin,ctx.nonce)},\\\"name\\\",{value:\\\"\\\"})\"\n5:\"$EObject.defineProperty(()=\u003e{ctx.componentMod.preloadFont(href,type,ctx.renderOpts.crossOrigin,ctx.nonce)},\\\"name\\\",{value:\\\"\\\"})\"\n2:{\"name\":\"Preloads\",\"key\":null,\"env\":\"Server\",\"stack\":[],\"props\":{\"preloadCallbacks\":[\"$3\",\"$4\",\"$5\"]}}\n6:[]\n8:[]\na:[[\"Array.map\",\"\",0,0,0,0,false]]\nb:[[\"Array.map\",\"\",0,0,0,0,false]]\nc:[[\"Array.map\",\"\",0,0,0,0,false]]\nf:I[\"[project]/node_modules/next/dist/client/components/layout-router.js [app-client] (ecmascript)\",[\"/_next/static/chunks/node_modules_next_dist_094231d7._.js\",\"/_next/static/chunks/src_app_favicon_ico_mjs_a4dcd48c._.js\"],\"default\"]\n12:I[\"[project]/node_modules/next/dist/client/components/render-from-template-context.js [app-client] (ecmascript)\",[\"/_next/static/chunks/node_modules_next_dist_094231d7._.js\",\"/_next/static/chunks/src_app_favicon_ico_mjs_a4dcd48c._.js\""])</script><script>self.__next_f.push([1,"],\"default\"]\n13:{}\n14:[[\"Promise.all\",\"\",0,0,0,0,true]]\n11:{\"children\":[\"$\",\"$L12\",null,\"$13\",null,\"$14\",1]}\n15:[[\"Promise.all\",\"\",0,0,0,0,true]]\n10:{\"parallelRouterKey\":\"children\",\"error\":\"$undefined\",\"errorStyles\":\"$undefined\",\"errorScripts\":\"$undefined\",\"template\":[\"$\",\"$9\",null,\"$11\",null,\"$15\",0],\"templateStyles\":\"$undefined\",\"templateScripts\":\"$undefined\",\"notFound\":\"$Y\",\"forbidden\":\"$undefined\",\"unauthorized\":\"$undefined\",\"segmentViewBoundaries\":\"$Y\"}\n16:[[\"Promise.all\",\"\",0,0,0,0,true]]\ne:{\"name\":\"RootLayout\",\"key\":null,\"env\":\"Server\",\"stack\":[],\"props\":{\"children\":[\"$\",\"$Lf\",null,\"$10\",null,\"$16\",1],\"params\":\"$Y\"}}\n17:[[\"RootLayout\",\"C:\\\\Users\\\\An Trieu\\\\OneDrive - Abccomputech\\\\Documents\\\\IT_Tickets\\\\it-ticketing-system\\\\.next\\\\dev\\\\server\\\\chunks\\\\ssr\\\\[root-of-the-server]__e4105341._.js\",117,263,116,1,false]]\n18:[[\"RootLayout\",\"C:\\\\Users\\\\An Trieu\\\\OneDrive - Abccomputech\\\\Documents\\\\IT_Tickets\\\\it-ticketing-system\\\\.next\\\\dev\\\\server\\\\chunks\\\\ssr\\\\[root-of-the-server]__e4105341._.js\",119,270,116,1,false]]\n19:[[\"RootLayout\",\"C:\\\\Users\\\\An Trieu\\\\OneDrive - Abccomputech\\\\Documents\\\\IT_Tickets\\\\it-ticketing-system\\\\.next\\\\dev\\\\server\\\\chunks\\\\ssr\\\\[root-of-the-server]__e4105341._.js\",122,268,116,1,false]]\n1b:[[\"Promise.all\",\"\",0,0,0,0,true]]\n1d:[[\"Promise.all\",\"\",0,0,0,0,true]]\n1f:[]\n21:{\"name\":\"NotFound\",\"key\":null,\"env\":\"Server\",\"stack\":[],\"props\":{}}\n22:{\"name\":\"HTTPAccessErrorFallback\",\"key\":null,\"env\":\"Server\",\"owner\":\"$21\",\"stack\":[],\"props\":{\"status\":404,\"message\":\"This page could not be found.\"}}\n23:[]\n24:[]\n25:[]\n26:[]\n27:[]\n28:[]\n29:[]\n2a:[[\"Promise.all\",\"\",0,0,0,0,true]]\n2b:[[\"Promise.all\",\"\",0,0,0,0,true]]\n2c:[[\"Promise.all\",\"\",0,0,0,0,true]]\n2d:[[\"Promise.all\",\"\",0,0,0,0,true],[\"Promise.all\",\"\",0,0,0,0,true]]\n2e:[[\"Promise.all\",\"\",0,0,0,0,true],[\"Promise.all\",\"\",0,0,0,0,true]]\n2f:[[\"Promise.all\",\"\",0,0,0,0,true],[\"Promise.all\",\"\",0,0,0,0,true]]\n30:[[\"Promise.all\",\"\",0,0,0,0,true],[\"Promise.all\",\"\",0,0,0,0,true]]\n31:[[\"Promise.all\",\"\",0,0,0,0,true],[\"Promise.all\",\"\",0,0,0,0,true]]\n34:[[\"Array.map\",\"\",0,0,0,0,false],[\"Array.map\",\"\",0,0,0,0,false],[\"Promise.all\",\"\",0,0,0,0,true]]\n35:[[\"Array.map\",\"\",0,0,0,0,false],[\"Array.map\",\"\",0,0,0,0,false],[\"Promise.all\",\"\",0,0,0,0,true]]\n37:{\"name\":\"Next.MetadataOutlet\",\"key\":null,\"env\":\"Server\",\"stack\":[[\"Promise.all\",\"\",0,0,0,0,true],[\"Promise.all\",\"\",0,0,0,0,true]],\"props\":{}}\n38:[]\n3a:[]\n3d:[]\n"])</script><script>self.__next_f.push([1,"40:\"$EObject.defineProperty(function(type,config,children){for(var propName,i=2;i\u003carguments.length;i++)validateChildKeys(arguments[i]);i={};var key=null;if(null!=config)for(propName in didWarnAboutOldJSXRuntime||!(\\\"__self\\\"in config)||\\\"key\\\"in config||(didWarnAboutOldJSXRuntime=!0,console.warn(\\\"Your app (or one of its dependencies) is using an outdated JSX transform. Update to the modern JSX transform for faster performance: https://react.dev/link/new-jsx-transform\\\")),hasValidKey(config)\u0026\u0026(checkKeyStringCoercion(config.key),key=\\\"\\\"+config.key),config)hasOwnProperty.call(config,propName)\u0026\u0026\\\"key\\\"!==propName\u0026\u0026\\\"__self\\\"!==propName\u0026\u0026\\\"__source\\\"!==propName\u0026\u0026(i[propName]=config[propName]);var childrenLength=arguments.length-2;if(1===childrenLength)i.children=children;else if(1\u003cchildrenLength){for(var childArray=Array(childrenLength),_i=0;_i\u003cchildrenLength;_i++)childArray[_i]=arguments[_i+2];Object.freeze\u0026\u0026Object.freeze(childArray),i.children=childArray}if(type\u0026\u0026type.defaultProps)for(propName in childrenLength=type.defaultProps)void 0===i[propName]\u0026\u0026(i[propName]=childrenLength[propName]);return key\u0026\u0026function(props,displayName){function warnAboutAccessingKey(){specialPropKeyWarningShown||(specialPropKeyWarningShown=!0,console.error(\\\"%s: `key` is not a prop. Trying to access it will result in `undefined` being returned. If you need to access the same value within the child component, you should pass it as a different prop. (https://react.dev/link/special-props)\\\",displayName))}warnAboutAccessingKey.isReactWarning=!0,Object.defineProperty(props,\\\"key\\\",{get:warnAboutAccessingKey,configurable:!0})}(i,\\\"function\\\"==typeof type?type.displayName||type.name||\\\"Unknown\\\":type),(propName=1e4\u003eReactSharedInternals.recentlyCreatedOwnerStacks++)?(childArray=Error.stackTraceLimit,Error.stackTraceLimit=10,childrenLength=Error(\\\"react-stack-top-frame\\\"),Error.stackTraceLimit=childArray):childrenLength=unknownOwnerDebugStack,ReactElement(type,key,i,getOwner(),childrenLength,propName?createTask(getTaskName(type)):unknownOwnerDebugTask)},\\\"name\\\",{value:\\\"\\\"})\"\n"])</script><script>self.__next_f.push([1,"3f:{\"name\":\"NonIndex\",\"key\":null,\"env\":\"Server\",\"stack\":[],\"props\":{\"createElement\":\"$40\",\"pagePath\":\"/login\",\"statusCode\":200,\"isPossibleServerAction\":false}}\n42:{\"name\":\"Next.Viewport\",\"key\":null,\"env\":\"Server\",\"stack\":[],\"props\":{}}\n43:[]\n47:{\"name\":\"Next.Metadata\",\"key\":null,\"env\":\"Server\",\"stack\":[],\"props\":{}}\n48:[]\n49:[]\n4b:[]\n4d:[]\n50:[]\n51:[]\n52:[]\n53:[]\n54:[]\n55:[[\"Array.map\",\"\",0,0,0,0,false]]\n56:[]\n1:D{\"time\":0.1299999998882413}\n1:D\"$2\"\n1:D{\"time\":0.15479999990202487}\n1:null\nd:D{\"time\":1.0245999998878688}\nd:D\"$e\"\nd:D{\"time\":1.1520000000018626}\n20:D{\"time\":1.3234999999403954}\n20:D\"$21\"\n20:D{\"time\":1.3829999999143183}\n20:D\"$22\"\n20:D{\"time\":1.4838000000454485}\n20:[[\"$\",\"title\",null,{\"children\":\"404: This page could not be found.\"},\"$22\",\"$23\",1],[\"$\",\"div\",null,{\"style\":{\"fontFamily\":\"system-ui,\\\"Segoe UI\\\",Roboto,Helvetica,Arial,sans-serif,\\\"Apple Color Emoji\\\",\\\"Segoe UI Emoji\\\"\",\"height\":\"100vh\",\"textAlign\":\"center\",\"display\":\"flex\",\"flexDirection\":\"column\",\"alignItems\":\"center\",\"justifyContent\":\"center\"},\"children\":[\"$\",\"div\",null,{\"children\":[[\"$\",\"style\",null,{\"dangerouslySetInnerHTML\":{\"__html\":\"body{color:#000;background:#fff;margin:0}.next-error-h1{border-right:1px solid rgba(0,0,0,.3)}@media (prefers-color-scheme:dark){body{color:#fff;background:#000}.next-error-h1{border-right:1px solid rgba(255,255,255,.3)}}\"}},\"$22\",\"$26\",1],[\"$\",\"h1\",null,{\"className\":\"next-error-h1\",\"style\":{\"display\":\"inline-block\",\"margin\":\"0 20px 0 0\",\"padding\":\"0 23px 0 0\",\"fontSize\":24,\"fontWeight\":500,\"verticalAlign\":\"top\",\"lineHeight\":\"49px\"},\"children\":404},\"$22\",\"$27\",1],[\"$\",\"div\",null,{\"style\":{\"display\":\"inline-block\"},\"children\":[\"$\",\"h2\",null,{\"style\":{\"fontSize\":14,\"fontWeight\":400,\"lineHeight\":\"49px\",\"margin\":0},\"children\":\"This page could not be found.\"},\"$22\",\"$29\",1]},\"$22\",\"$28\",1]]},\"$22\",\"$25\",1]},\"$22\",\"$24\",1]]\nd:[\"$\",\"html\",null,{\"lang\":\"en\",\"children\":[\"$\",\"body\",null,{\"className\":\"geist_a71539c9-module__T19VSG__variable geist_mono_8d43a2aa-module__8Li5zG__variable antialiased bg-gray-50 dark:bg-gray-900\",\"children\":[[\"$\",\"$L1a\",null,{},\"$e\",\"$19\",1],[\"$\",\"$L1c\",null,{\"parallelRouterKey\":\"children\",\"error\":\"$undefined\",\"errorStyles\":\"$undefined\",\"errorScripts\":\"$undefined\",\"template\":[\"$\",\"$L1e\",null,{},null,\"$1d\",1],\"templateStyles\":\"$undefined\",\"templateScripts\":\"$undefined\",\"notFound\":[\"$\",\"$L7\",\"c-not-found\",{\"type\":\"not-found\",\"pagePath\":\"__next_builtin__not-found.js\",\"children\":[\"$20\",[]]},null,\"$1f\",0],\"forbidden\":\"$undefined\",\"unauthorized\":\"$undefined\",\"segmentViewBoundaries\":[[\"$\",\"$L7\",null,{\"type\":\"boundary:not-found\",\"pagePath\":\"__next_builtin__not-found.js@boundary\"},null,\"$2a\",1],\"$undefined\",\"$undefined\",[\"$\",\"$L7\",null,{\"type\":\"boundary:global-error\",\"pagePath\":\"__next_builtin__global-error.js\"},null,\"$2b\",1]]},null,\"$1b\",1]]},\"$e\",\"$18\",1]},\"$e\",\"$17\",1]\n36:D{\"time\":1.8803000000771135}\n36:D\"$37\"\n36:D{\"time\":2.7708000000566244}\n36:[\"$\",\"$L39\",null,{\"children\":[\"$\",\"$3b\",null,{\"name\":\"Next.MetadataOutlet\",\"children\":\"$@3c\"},\"$37\",\"$3a\",1]},\"$37\",\"$38\",1]\n3e:D{\"time\":2.956599999917671}\n3e:D\"$3f\"\n3e:D{\"time\":2.9624999999068677}\n3e:null\n41:D{\"time\":2.9902999999467283}\n41:D\"$42\"\n41:D{\"time\":3.5131000000983477}\n41:[\"$\",\"$L44\",null,{\"children\":\"$@45\"},\"$42\",\"$43\",1]\n46:D{\"time\":3.663200000068173}\n46:D\"$47\"\n46:D{\"time\":3.7442999999038875}\n46:[\"$\",\"div\",null,{\"hidden\":true,\"children\":[\"$\",\"$L4a\",null,{\"children\":[\"$\",\"$3b\",null,{\"name\":\"Next.Metadata\",\"children\":\"$@4c\"},\"$47\",\"$4b\",1]},\"$47\",\"$49\",1]},\"$47\",\"$48\",1]\n4e:[]\n"])</script><script>self.__next_f.push([1,"0:{\"P\":\"$1\",\"b\":\"development\",\"c\":[\"\",\"login\"],\"q\":\"\",\"i\":false,\"f\":[[[\"\",{\"children\":[\"login\",{\"children\":[\"__PAGE__\",{}]}]},\"$undefined\",\"$undefined\",true],[[\"$\",\"$L7\",\"layout\",{\"type\":\"layout\",\"pagePath\":\"layout.tsx\",\"children\":[\"$\",\"$9\",\"c\",{\"children\":[[[\"$\",\"link\",\"0\",{\"rel\":\"stylesheet\",\"href\":\"/_next/static/chunks/%5Broot-of-the-server%5D__0f0ba101._.css\",\"precedence\":\"next_static/chunks/[root-of-the-server]__0f0ba101._.css\",\"crossOrigin\":\"$undefined\",\"nonce\":\"$undefined\"},null,\"$a\",0],[\"$\",\"script\",\"script-0\",{\"src\":\"/_next/static/chunks/_85ba5b16._.js\",\"async\":true,\"nonce\":\"$undefined\"},null,\"$b\",0],[\"$\",\"script\",\"script-1\",{\"src\":\"/_next/static/chunks/src_app_layout_tsx_78cdd4a3._.js\",\"async\":true,\"nonce\":\"$undefined\"},null,\"$c\",0]],\"$d\"]},null,\"$8\",1]},null,\"$6\",0],{\"children\":[[\"$\",\"$9\",\"c\",{\"children\":[null,[\"$\",\"$L1c\",null,{\"parallelRouterKey\":\"children\",\"error\":\"$undefined\",\"errorStyles\":\"$undefined\",\"errorScripts\":\"$undefined\",\"template\":[\"$\",\"$L1e\",null,{},null,\"$2e\",1],\"templateStyles\":\"$undefined\",\"templateScripts\":\"$undefined\",\"notFound\":\"$undefined\",\"forbidden\":\"$undefined\",\"unauthorized\":\"$undefined\",\"segmentViewBoundaries\":[\"$undefined\",\"$undefined\",\"$undefined\",\"$undefined\"]},null,\"$2d\",1]]},null,\"$2c\",0],{\"children\":[[\"$\",\"$9\",\"c\",{\"children\":[[\"$\",\"$L7\",\"c-page\",{\"type\":\"page\",\"pagePath\":\"login/page.tsx\",\"children\":[\"$\",\"$L32\",null,{\"Component\":\"$33\",\"serverProvidedParams\":{\"searchParams\":{},\"params\":{},\"promises\":null}},null,\"$31\",1]},null,\"$30\",1],[[\"$\",\"script\",\"script-0\",{\"src\":\"/_next/static/chunks/src_app_login_page_tsx_a6b4ed9b._.js\",\"async\":true,\"nonce\":\"$undefined\"},null,\"$34\",0],[\"$\",\"script\",\"script-1\",{\"src\":\"/_next/static/chunks/src_app_login_page_tsx_7388e2a0._.js\",\"async\":true,\"nonce\":\"$undefined\"},null,\"$35\",0]],\"$36\"]},null,\"$2f\",0],{},null,false,false]},null,false,false]},null,false,false],[\"$\",\"$9\",\"h\",{\"children\":[\"$3e\",\"$41\",\"$46\",[\"$\",\"meta\",null,{\"name\":\"next-size-adjust\",\"content\":\"\"},null,\"$4d\",1]]},null,\"$3d\",0],false]],\"m\":\"$W4e\",\"G\":[\"$4f\",[\"$\",\"$L7\",\"ge-svn\",{\"type\":\"global-error\",\"pagePath\":\"__next_builtin__global-error.js\",\"children\":[]},null,\"$50\",0]],\"S\":false}\n"])</script><script>self.__next_f.push([1,"45:D{\"time\":5.103300000075251}\n45:[[\"$\",\"meta\",\"0\",{\"charSet\":\"utf-8\"},\"$37\",\"$51\",0],[\"$\",\"meta\",\"1\",{\"name\":\"viewport\",\"content\":\"width=device-width, initial-scale=1\"},\"$37\",\"$52\",0]]\n4c:D{\"time\":5.469700000016019}\n4c:[[\"$\",\"title\",\"0\",{\"children\":\"Create Next App\"},\"$37\",\"$53\",0],[\"$\",\"meta\",\"1\",{\"name\":\"description\",\"content\":\"Generated by create next app\"},\"$37\",\"$54\",0],[\"$\",\"link\",\"2\",{\"rel\":\"icon\",\"href\":\"/favicon.ico?favicon.0b3bf435.ico\",\"sizes\":\"256x256\",\"type\":\"image/x-icon\"},\"$37\",\"$55\",0],[\"$\",\"$L57\",\"3\",{},\"$37\",\"$56\",0]]\n3c:D{\"time\":5.539700000081211}\n3c:null\n"])</script></body></html>

--- Phase 4 Verification FAILED ---
Failed to create ticket: No ID returned
